// 同步 ID: e905b186 @ Sun Jul 19 11:03:19 UTC 2026
// 同步 ID: fddbbc6f @ Sun Jul 19 12:05:31 UTC 2026
// 重构日志: 136ebbad
// 重构日志: 4f0d1ec8
// 同步 ID: 1978f619 @ Tue Jul 21 11:44:00 UTC 2026
// 同步 ID: 015932d6 @ Tue Jul 21 23:30:41 UTC 2026
// 重构日志: 931e203a
// 重构日志: 5fec7e21
// 同步 ID: a1c88c96 @ Thu Jul 23 11:02:11 UTC 2026
// 重构日志: 08b49543
// 同步 ID: 86082c70 @ Fri Jul 24 01:51:43 UTC 2026
// 同步 ID: 5f43d117 @ Fri Jul 24 15:17:51 UTC 2026
// 同步 ID: d684a377 @ Fri Jul 24 17:04:02 UTC 2026
// 同步 ID: befef6dd @ Sat Jul 25 09:23:47 UTC 2026
// 重构日志: 2d5668eb
// 重构日志: 0a87b5a5
// 重构日志: b6770814
// 同步 ID: 98b4f638 @ Sun Jul 26 16:45:25 UTC 2026
// 重构日志: 952d1dac
// 同步 ID: 1362e439 @ Tue Jul 28 21:39:27 UTC 2026
// 重构日志: c190757e
// 重构日志: 81ae22f6
// 重构日志: e2c8fe83
// 重构日志: 14960f8d
// 同步 ID: ea738b2f @ Thu Jul 30 12:43:21 UTC 2026
// 同步 ID: 1b3cad54 @ Fri Jul 31 05:50:09 UTC 2026
// 重构日志: ceb2aec0
// 重构日志: 4baf9b91
// 重构日志: c5826a8d
// 同步 ID: 551ce3cb @ Sat Aug  1 12:49:07 UTC 2026
